[0;94m 14.dir[0m   [38;5;153m 1.txt[0m    [0;37m 10.json[0m  [0;37m 11.xml[0m   [0;37m 12.yml[0m   [0;93m 13.md[0m    [38;5;158m 2.c[0m      [38;5;158m 3.cpp[0m    [38;5;158m 4.py[0m     [38;5;158m 5.java[0m   [0;92m 6.sh[0m     [38;5;158m 7.html[0m   [38;5;158m 8.css[0m    [38;5;158m 9.js[0m     
