drwxr-xr-x   128.0 B ?.dir                                                      -rw-r--r--     6.0 B 12.yml                                                     
-rw-r--r--    21.0 B '   space file '                                           -rw-r--r--     5.0 B 13.md                                                      
-rw-r--r--         - 0.1.112                                                    -rw-r--r--         - 14.gif                                                     
-rw-r--r--         - 0.1.13                                                     -rw-r--r--         - 2.19.1                                                     
-rw-r--r--         - 0.1.2                                                      -rw-r--r--         - 2.9.1                                                      
-rw-r--r--         - 0.2.10                                                     -rw-r--r--     3.0 B 2.c                                                        
-rw-r--r--         - 0.2.2                                                      -rw-r--r--     5.0 B 3.cpp                                                      
-rw-r--r--         - 0.3.0                                                      -rw-r--r--         - 4.py                                                       
-rw-r--r--         - 0.3.84                                                     -rw-r--r--     6.0 B 5.java                                                     
-rw-r--r--         - 1.0.1                                                      -rw-r--r--         - 6.sh                                                       
-rw-r--r--         - 1.4.1                                                      -rw-r--r--     6.0 B 7.html                                                     
-rw-r--r--     5.0 B 1.txt                                                      -rw-r--r--     5.0 B 8.css                                                      
-rw-r--r--     7.0 B 10.json                                                    -rw-r--r--     4.0 B 9.js                                                       
-rw-r--r-- 100.0 KiB 100KiB                                                     -rw-r--r--         - 9.js~                                                      
-rw-r--r--     6.0 B 11.xml                                                     lrwxr-xr-x     5.0 B 1.txt.link => /Users/equationzhao/g/tests/test_data/1.txt  
