[0;34m[1md[0;33m[1mr[0;31m[1mw[0;32m[1mx[0;33m[1mr[0;90m-[0;32m[1mx[0;33m[1mr[0;90m-[0;32m[1mx[0m [38;2;20;207;100m1.0 KiB[0m [0;94mî—¿ test_data[0m  
