[0;34m[1md[0;33m[1mr[0;31m[1mw[0;32m[1mx[0;33m[1mr[0;90m-[0;32m[1mx[0;33m[1mr[0;90m-[0;32m[1mx[0m   [38;2;20;230;100m128.0 B[0m [0;94m ?.dir[0m[0;90m-[0;33m[1mr[0;31m[1mw[0;90m-[0;33m[1mr[0;90m-[0;90m-[0;33m[1mr[0;90m-[0;90m-[0m    [38;2;20;230;100m21.0 B[0m [0;37m '   space file '[0m[0;90m-[0;33m[1mr[0;31m[1mw[0;90m-[0;33m[1mr[0;90m-[0;90m-[0;33m[1mr[0;90m-[0;90m-[0m  [0;37m       -[0m [0;37m 0.1.112[0m[0;90m-[0;33m[1mr[0;31m[1mw[0;90m-[0;33m[1mr[0;90m-[0;90m-[0;33m[1mr[0;90m-[0;90m-[0m  [0;37m       -[0m [0;37m 0.1.13[0m[0;90m-[0;33m[1mr[0;31m[1mw[0;90m-[0;33m[1mr[0;90m-[0;90m-[0;33m[1mr[0;90m-[0;90m-[0m  [0;37m       -[0m [0;37m 0.1.2[0m[0;90m-[0;33m[1mr[0;31m[1mw[0;90m-[0;33m[1mr[0;90m-[0;90m-[0;33m[1mr[0;90m-[0;90m-[0m  [0;37m       -[0m [0;37m 0.2.10[0m[0;90m-[0;33m[1mr[0;31m[1mw[0;90m-[0;33m[1mr[0;90m-[0;90m-[0;33m[1mr[0;90m-[0;90m-[0m  [0;37m       -[0m [0;37m 0.2.2[0m[0;90m-[0;33m[1mr[0;31m[1mw[0;90m-[0;33m[1mr[0;90m-[0;90m-[0;33m[1mr[0;90m-[0;90m-[0m  [0;37m       -[0m [0;37m 0.3.0[0m[0;90m-[0;33m[1mr[0;31m[1mw[0;90m-[0;33m[1mr[0;90m-[0;90m-[0;33m[1mr[0;90m-[0;90m-[0m  [0;37m       -[0m [0;37m 0.3.84[0m[0;90m-[0;33m[1mr[0;31m[1mw[0;90m-[0;33m[1mr[0;90m-[0;90m-[0;33m[1mr[0;90m-[0;90m-[0m  [0;37m       -[0m [0;37m 1.0.1[0m[0;90m-[0;33m[1mr[0;31m[1mw[0;90m-[0;33m[1mr[0;90m-[0;90m-[0;33m[1mr[0;90m-[0;90m-[0m  [0;37m       -[0m [0;37m 1.4.1[0m[0;90m-[0;33m[1mr[0;31m[1mw[0;90m-[0;33m[1mr[0;90m-[0;90m-[0;33m[1mr[0;90m-[0;90m-[0m     [38;2;20;230;100m5.0 B[0m [38;5;153m 1.txt[0m[0;90m-[0;33m[1mr[0;31m[1mw[0;90m-[0;33m[1mr[0;90m-[0;90m-[0;33m[1mr[0;90m-[0;90m-[0m     [38;2;20;230;100m7.0 B[0m [0;37m 10.json[0m[0;90m-[0;33m[1mr[0;31m[1mw[0;90m-[0;33m[1mr[0;90m-[0;90m-[0;33m[1mr[0;90m-[0;90m-[0m [38;2;20;207;100m100.0 KiB[0m [0;37m 100KiB[0m[0;90m-[0;33m[1mr[0;31m[1mw[0;90m-[0;33m[1mr[0;90m-[0;90m-[0;33m[1mr[0;90m-[0;90m-[0m     [38;2;20;230;100m6.0 B[0m [0;37m 11.xml[0m[0;90m-[0;33m[1mr[0;31m[1mw[0;90m-[0;33m[1mr[0;90m-[0;90m-[0;33m[1mr[0;90m-[0;90m-[0m     [38;2;20;230;100m6.0 B[0m [0;37m 12.yml[0m[0;90m-[0;33m[1mr[0;31m[1mw[0;90m-[0;33m[1mr[0;90m-[0;90m-[0;33m[1mr[0;90m-[0;90m-[0m     [38;2;20;230;100m5.0 B[0m [0;93m 13.md[0m[0;90m-[0;33m[1mr[0;31m[1mw[0;90m-[0;33m[1mr[0;90m-[0;90m-[0;33m[1mr[0;90m-[0;90m-[0m  [0;37m       -[0m [0;95m 14.gif[0m[0;90m-[0;33m[1mr[0;31m[1mw[0;90m-[0;33m[1mr[0;90m-[0;90m-[0;33m[1mr[0;90m-[0;90m-[0m  [0;37m       -[0m [0;37m 2.19.1[0m[0;90m-[0;33m[1mr[0;31m[1mw[0;90m-[0;33m[1mr[0;90m-[0;90m-[0;33m[1mr[0;90m-[0;90m-[0m  [0;37m       -[0m [0;37m 2.9.1[0m[0;90m-[0;33m[1mr[0;31m[1mw[0;90m-[0;33m[1mr[0;90m-[0;90m-[0;33m[1mr[0;90m-[0;90m-[0m     [38;2;20;230;100m3.0 B[0m [38;5;158m 2.c[0m[0;90m-[0;33m[1mr[0;31m[1mw[0;90m-[0;33m[1mr[0;90m-[0;90m-[0;33m[1mr[0;90m-[0;90m-[0m     [38;2;20;230;100m5.0 B[0m [38;5;158m 3.cpp[0m[0;90m-[0;33m[1mr[0;31m[1mw[0;90m-[0;33m[1mr[0;90m-[0;90m-[0;33m[1mr[0;90m-[0;90m-[0m  [0;37m       -[0m [38;5;158m 4.py[0m[0;90m-[0;33m[1mr[0;31m[1mw[0;90m-[0;33m[1mr[0;90m-[0;90m-[0;33m[1mr[0;90m-[0;90m-[0m     [38;2;20;230;100m6.0 B[0m [38;5;158m 5.java[0m[0;90m-[0;33m[1mr[0;31m[1mw[0;90m-[0;33m[1mr[0;90m-[0;90m-[0;33m[1mr[0;90m-[0;90m-[0m  [0;37m       -[0m [0;92m 6.sh[0m[0;90m-[0;33m[1mr[0;31m[1mw[0;90m-[0;33m[1mr[0;90m-[0;90m-[0;33m[1mr[0;90m-[0;90m-[0m     [38;2;20;230;100m6.0 B[0m [38;5;158m 7.html[0m[0;90m-[0;33m[1mr[0;31m[1mw[0;90m-[0;33m[1mr[0;90m-[0;90m-[0;33m[1mr[0;90m-[0;90m-[0m     [38;2;20;230;100m5.0 B[0m [38;5;158m 8.css[0m[0;90m-[0;33m[1mr[0;31m[1mw[0;90m-[0;33m[1mr[0;90m-[0;90m-[0;33m[1mr[0;90m-[0;90m-[0m     [38;2;20;230;100m4.0 B[0m [38;5;158m 9.js[0m[0;90m-[0;33m[1mr[0;31m[1mw[0;90m-[0;33m[1mr[0;90m-[0;90m-[0;33m[1mr[0;90m-[0;90m-[0m  [0;37m       -[0m [0;37m 9.js~[0m[0;35m[1ml[0;33m[1mr[0;31m[1mw[0;32m[1mx[0;33m[1mr[0;90m-[0;32m[1mx[0;33m[1mr[0;90m-[0;32m[1mx[0m     [38;2;20;230;100m5.0 B[0m [0;35m 1.txt.link[0m[0;97m => [0m[38;5;153m/Users/equationzhao/g/tests/test_data/1.txt[0m
